<?xml version="1.0"?>
<math xmlns="http://www.w3.org/1998/Math/MathML" display="block">
  <mrow><mi>T</mi><mo stretchy="false">(</mo><mi>r</mi><mo stretchy="false">)</mo><mo>=</mo><msub><mrow><mi>T</mi></mrow><mrow><mi>c</mi><mi>o</mi><mi>r</mi><mi>e</mi></mrow></msub><mo>+</mo><mfrac><mrow><msubsup><mrow><mover accent="true"><mi>Q</mi><mo>&#x2D9;</mo></mover></mrow><mrow><mi>p</mi><mi>r</mi><mi>o</mi><mi>d</mi></mrow><mrow><mo>&#x0027;</mo><mo>&#x0027;</mo><mo>&#x0027;</mo></mrow></msubsup></mrow><mrow><mn>4</mn><mi>&#x03BB;</mi></mrow></mfrac><mrow><mo>(</mo><mrow><msubsup><mrow><mi>r</mi></mrow><mrow><mi>c</mi><mi>o</mi><mi>r</mi><mi>e</mi></mrow><mrow><mn>2</mn></mrow></msubsup><mo>&#x2212;</mo><msup><mrow><mi>r</mi></mrow><mrow><mn>2</mn></mrow></msup></mrow><mo>)</mo></mrow><mo>+</mo><mfrac><mrow><msub><mrow><mi>T</mi></mrow><mrow><mi>s</mi><mi>h</mi><mi>e</mi><mi>l</mi><mi>l</mi></mrow></msub><mo>&#x2212;</mo><msub><mrow><mi>T</mi></mrow><mrow><mi>c</mi><mi>o</mi><mi>r</mi><mi>e</mi></mrow></msub><mo>+</mo><mfrac><mrow><msubsup><mrow><mover accent="true"><mi>Q</mi><mo>&#x2D9;</mo></mover></mrow><mrow><mi>p</mi><mi>r</mi><mi>o</mi><mi>d</mi></mrow><mrow><mo>&#x0027;</mo><mo>&#x0027;</mo><mo>&#x0027;</mo></mrow></msubsup></mrow><mrow><mn>4</mn><mi>&#x03BB;</mi></mrow></mfrac><mrow><mo>(</mo><mrow><msubsup><mrow><mi>r</mi></mrow><mrow><mi>s</mi><mi>h</mi><mi>e</mi><mi>l</mi><mi>l</mi></mrow><mrow><mn>2</mn></mrow></msubsup><mo>&#x2212;</mo><msubsup><mrow><mi>r</mi></mrow><mrow><mi>c</mi><mi>o</mi><mi>r</mi><mi>e</mi></mrow><mrow><mn>2</mn></mrow></msubsup></mrow><mo>)</mo></mrow></mrow><mrow><mi>l</mi><mi>n</mi><mrow><mo>(</mo><mrow><mfrac bevelled="true"><mrow><msub><mrow><mi>r</mi></mrow><mrow><mi>s</mi><mi>h</mi><mi>e</mi><mi>l</mi><mi>l</mi></mrow></msub></mrow><mrow><msub><mrow><mi>r</mi></mrow><mrow><mi>c</mi><mi>o</mi><mi>r</mi><mi>e</mi></mrow></msub></mrow></mfrac></mrow><mo>)</mo></mrow></mrow></mfrac><mi>l</mi><mi>n</mi><mrow><mo>(</mo><mrow><mfrac><mrow><mi>r</mi></mrow><mrow><msub><mrow><mi>r</mi></mrow><mrow><mi>c</mi><mi>o</mi><mi>r</mi><mi>e</mi></mrow></msub></mrow></mfrac></mrow><mo>)</mo></mrow>&#x00A0;&#x00A0;&#x00A0;&#x00A0;&#x00A0;&#x00A0;&#x00A0;(2)</mrow>
</math>
