<?xml version="1.0"?>
<math xmlns="http://www.w3.org/1998/Math/MathML" display="block">
  <mtable columnalign="left">
    <mtr>
      <mtd>
        <mrow><msubsup><mrow><mover accent="true"><mi>Q</mi><mo>&#x2D9;</mo></mover></mrow><mrow><mi>p</mi><mi>r</mi><mi>o</mi><mi>d</mi></mrow><mrow><mo>&#x0027;</mo><mo>&#x0027;</mo><mo>&#x0027;</mo></mrow></msubsup><mo>=</mo>&#x00A0;rate&#x00A0;of&#x00A0;internal&#x00A0;heat&#x00A0;generation&#x00A0;per&#x00A0;unit&#x00A0;volume&#x00A0;<mrow><mo>[</mo><mrow><mfrac><mrow><mi>W</mi></mrow><mrow><msup><mrow><mi>m</mi></mrow><mrow><mn>3</mn></mrow></msup></mrow></mfrac></mrow><mo>]</mo></mrow></mrow>
      </mtd>
    </mtr>
    <mtr>
      <mtd>
        <mrow><mi>&#x03BB;</mi>&#x00A0;&#x00A0;&#x00A0;&#x00A0;&#x00A0;&#x00A0;<mo>=</mo>&#x00A0;dung&#x00A0;heat&#x00A0;conductivity&#x00A0;<mrow><mo>[</mo><mrow><mfrac><mrow><mi>W</mi></mrow><mrow><mi>m</mi><mo>&#x22C5;</mo><mi>K</mi></mrow></mfrac></mrow><mo>]</mo></mrow></mrow>
      </mtd>
    </mtr>
    <mtr>
      <mtd>
        <mrow><mi>r</mi>&#x00A0;&#x00A0;&#x00A0;&#x00A0;&#x00A0;&#x00A0;&#x00A0;<mo>=</mo>&#x00A0;radius&#x00A0;<mrow><mo>[</mo><mrow><mi>m</mi></mrow><mo>]</mo></mrow></mrow>
      </mtd>
    </mtr>
    <mtr>
      <mtd>
        <mrow><mi>L</mi>&#x00A0;&#x00A0;&#x00A0;&#x00A0;&#x00A0;&#x00A0;<mo>=</mo>&#x00A0;dung&#x00A0;hill&#x00A0;length&#x00A0;<mrow><mo>[</mo><mrow><mi>m</mi></mrow><mo>]</mo></mrow></mrow>
      </mtd>
    </mtr>
    <mtr>
      <mtd>
        <mrow><mi>T</mi>&#x00A0;&#x00A0;&#x00A0;&#x00A0;&#x00A0;&#x00A0;<mo>=</mo>&#x00A0;temperature&#x00A0;<mrow><mo>[</mo><mrow><mo>&#xB0;</mo><mi>C</mi></mrow><mo>]</mo></mrow></mrow>
      </mtd>
    </mtr>
  </mtable>
</math>
