<?xml version="1.0"?>
<math xmlns="http://www.w3.org/1998/Math/MathML" display="block">
  <mtable columnalign="left">
    <mtr>
      <mtd>
        <mrow>
          <mtext>&#x2003;</mtext>
          <mtext>&#x2003;</mtext>
          <mtext>&#x2009;</mtext>
          <munder>
            <mrow>
              <mi>m</mi>
              <mi>i</mi>
              <mi>n</mi>
            </mrow>
            <mrow>
              <mi>w</mi>
              <mo>,</mo>
              <mi>b</mi>
              <mo>,</mo>
              <mi>&#x03BE;</mi>
            </mrow>
          </munder>
          <mtext>&#x2003;</mtext>
          <mtext>&#x2009;</mtext>
          <mfrac>
            <mrow>
              <mn>1</mn>
            </mrow>
            <mrow>
              <mn>2</mn>
            </mrow>
          </mfrac>
          <msup>
            <mrow>
              <mi>w</mi>
            </mrow>
            <mrow>
              <mi>T</mi>
            </mrow>
          </msup>
          <mi>w</mi>
          <mo>+</mo>
          <mi>C</mi>
          <munder>
            <mstyle mathsize="140%" displaystyle="true">
              <mrow>
                <mo>&#x2211;</mo>
              </mrow>
            </mstyle>
            <mrow>
              <mi>i</mi>
              <mo>=</mo>
              <mn>1</mn>
            </mrow>
          </munder>
          <msub>
            <mrow>
              <mi>&#x03BE;</mi>
            </mrow>
            <mrow>
              <mi>i</mi>
            </mrow>
          </msub>
        </mrow>
      </mtd>
    </mtr>
    <mtr>
      <mtd>
        <mrow>subject<mtext>&#x2009;</mtext>to&#xA0;<mtext>&#x2009;</mtext><mtext>&#x2003;</mtext><msub><mrow><mi>y</mi></mrow><mrow><mi>i</mi></mrow></msub><mo stretchy="false">(</mo><msup><mrow><mi>w</mi></mrow><mrow><mi>T</mi></mrow></msup><mi>&#x03D5;</mi><mrow><mo>(</mo><mrow><msub><mrow><mi>x</mi></mrow><mrow><mi>i</mi></mrow></msub></mrow><mo>)</mo></mrow><mo>+</mo><mi>b</mi><mo stretchy="false">)</mo><mo>&#xA0;</mo><mtext>&#x2009;</mtext><mo>&#x2265;</mo><mtext>&#x2009;</mtext><mn>1</mn><mo>&#x2212;</mo><msub><mrow><mi>&#x03BE;</mi></mrow><mrow><mi>i</mi></mrow></msub></mrow>
      </mtd>
    </mtr>
    <mtr>
      <mtd>
        <mrow>
          <mtext>&#x2003;</mtext>
          <mtext>&#x2003;</mtext>
          <mtext>&#x2003;</mtext>
          <mtext>&#x2003;</mtext>
          <mtext>&#x2003;</mtext>
          <msub>
            <mrow>
              <mi>&#x03BE;</mi>
            </mrow>
            <mrow>
              <mi>i</mi>
            </mrow>
          </msub>
          <mo>&#x2265;</mo>
          <mn>0</mn>
          <mo>,</mo>
          <mtext>&#x2003;</mtext>
          <mo>&#x2200;</mo>
          <mi>i</mi>
        </mrow>
      </mtd>
    </mtr>
  </mtable>
</math>
