<?xml version="1.0"?>
<math xmlns="http://www.w3.org/1998/Math/MathML" display="block">
  <mrow>
    <msubsup>
      <mrow>
        <mi>P</mi>
      </mrow>
      <mrow>
        <mi>x</mi>
        <mo>,</mo>
        <mi>t</mi>
      </mrow>
      <mrow>
        <mi>c</mi>
      </mrow>
    </msubsup>
    <mo>=</mo>
    <msubsup>
      <mrow>
        <mi>D</mi>
      </mrow>
      <mrow>
        <mi>t</mi>
      </mrow>
      <mrow>
        <mi>c</mi>
      </mrow>
    </msubsup>
    <mrow>
      <mo>(</mo>
      <mrow>
        <mfrac>
          <mrow>
            <mstyle displaystyle="true">
              <munderover>
                <mo>&#x2211;</mo>
                <mrow>
                  <mi>j</mi>
                  <mo>=</mo>
                  <mn>1</mn>
                </mrow>
                <mrow>
                  <mi>m</mi>
                </mrow>
              </munderover>
              <mrow>
                <msubsup>
                  <mrow>
                    <mi>D</mi>
                  </mrow>
                  <mrow>
                    <mi>t</mi>
                    <mo>&#x2212;</mo>
                    <mi>j</mi>
                    <mo>+</mo>
                    <mn>1</mn>
                  </mrow>
                  <mrow>
                    <mi>c</mi>
                    <mo>&#x2212;</mo>
                    <mi>j</mi>
                  </mrow>
                </msubsup>
              </mrow>
            </mstyle>
          </mrow>
          <mrow>
            <mstyle displaystyle="true">
              <munderover>
                <mo>&#x2211;</mo>
                <mrow>
                  <mi>j</mi>
                  <mo>=</mo>
                  <mn>1</mn>
                </mrow>
                <mrow>
                  <mi>m</mi>
                </mrow>
              </munderover>
              <mrow>
                <msubsup>
                  <mrow>
                    <mi>D</mi>
                  </mrow>
                  <mrow>
                    <mi>t</mi>
                    <mo>&#x2212;</mo>
                    <mi>j</mi>
                  </mrow>
                  <mrow>
                    <mi>c</mi>
                    <mo>&#x2212;</mo>
                    <mi>j</mi>
                  </mrow>
                </msubsup>
              </mrow>
            </mstyle>
          </mrow>
        </mfrac>
        <mo>+</mo>
        <mfrac>
          <mrow>
            <mstyle displaystyle="true">
              <munderover>
                <mo>&#x2211;</mo>
                <mrow>
                  <mi>j</mi>
                  <mo>=</mo>
                  <mn>1</mn>
                </mrow>
                <mrow>
                  <mi>m</mi>
                </mrow>
              </munderover>
              <mrow>
                <msubsup>
                  <mrow>
                    <mi>D</mi>
                  </mrow>
                  <mrow>
                    <mi>t</mi>
                    <mo>&#x2212;</mo>
                    <mi>j</mi>
                    <mo>+</mo>
                    <mn>2</mn>
                  </mrow>
                  <mrow>
                    <mi>c</mi>
                    <mo>&#x2212;</mo>
                    <mi>j</mi>
                  </mrow>
                </msubsup>
              </mrow>
            </mstyle>
          </mrow>
          <mrow>
            <mstyle displaystyle="true">
              <munderover>
                <mo>&#x2211;</mo>
                <mrow>
                  <mi>j</mi>
                  <mo>=</mo>
                  <mn>1</mn>
                </mrow>
                <mrow>
                  <mi>m</mi>
                </mrow>
              </munderover>
              <mrow>
                <msubsup>
                  <mrow>
                    <mi>D</mi>
                  </mrow>
                  <mrow>
                    <mi>t</mi>
                    <mo>&#x2212;</mo>
                    <mi>j</mi>
                  </mrow>
                  <mrow>
                    <mi>c</mi>
                    <mo>&#x2212;</mo>
                    <mi>j</mi>
                  </mrow>
                </msubsup>
              </mrow>
            </mstyle>
          </mrow>
        </mfrac>
        <mo>+</mo>
        <mfrac>
          <mrow>
            <mstyle displaystyle="true">
              <munderover>
                <mo>&#x2211;</mo>
                <mrow>
                  <mi>j</mi>
                  <mo>=</mo>
                  <mn>1</mn>
                </mrow>
                <mrow>
                  <mi>m</mi>
                </mrow>
              </munderover>
              <mrow>
                <msubsup>
                  <mrow>
                    <mi>D</mi>
                  </mrow>
                  <mrow>
                    <mi>t</mi>
                    <mo>&#x2212;</mo>
                    <mi>j</mi>
                    <mo>+</mo>
                    <mn>3</mn>
                  </mrow>
                  <mrow>
                    <mi>c</mi>
                    <mo>&#x2212;</mo>
                    <mi>j</mi>
                  </mrow>
                </msubsup>
              </mrow>
            </mstyle>
          </mrow>
          <mrow>
            <mstyle displaystyle="true">
              <munderover>
                <mo>&#x2211;</mo>
                <mrow>
                  <mi>j</mi>
                  <mo>=</mo>
                  <mn>1</mn>
                </mrow>
                <mrow>
                  <mi>m</mi>
                </mrow>
              </munderover>
              <mrow>
                <msubsup>
                  <mrow>
                    <mi>D</mi>
                  </mrow>
                  <mrow>
                    <mi>t</mi>
                    <mo>&#x2212;</mo>
                    <mi>j</mi>
                  </mrow>
                  <mrow>
                    <mi>c</mi>
                    <mo>&#x2212;</mo>
                    <mi>j</mi>
                  </mrow>
                </msubsup>
              </mrow>
            </mstyle>
          </mrow>
        </mfrac>
        <mo>+</mo>
        <mfrac>
          <mrow>
            <mstyle displaystyle="true">
              <munderover>
                <mo>&#x2211;</mo>
                <mrow>
                  <mi>j</mi>
                  <mo>=</mo>
                  <mn>1</mn>
                </mrow>
                <mrow>
                  <mi>m</mi>
                </mrow>
              </munderover>
              <mrow>
                <msubsup>
                  <mrow>
                    <mi>D</mi>
                  </mrow>
                  <mrow>
                    <mi>t</mi>
                    <mo>&#x2212;</mo>
                    <mi>j</mi>
                    <mo>+</mo>
                    <mn>4</mn>
                  </mrow>
                  <mrow>
                    <mi>c</mi>
                    <mo>&#x2212;</mo>
                    <mi>j</mi>
                  </mrow>
                </msubsup>
              </mrow>
            </mstyle>
          </mrow>
          <mrow>
            <mstyle displaystyle="true">
              <munderover>
                <mo>&#x2211;</mo>
                <mrow>
                  <mi>j</mi>
                  <mo>=</mo>
                  <mn>1</mn>
                </mrow>
                <mrow>
                  <mi>m</mi>
                </mrow>
              </munderover>
              <mrow>
                <msubsup>
                  <mrow>
                    <mi>D</mi>
                  </mrow>
                  <mrow>
                    <mi>t</mi>
                    <mo>&#x2212;</mo>
                    <mi>j</mi>
                  </mrow>
                  <mrow>
                    <mi>c</mi>
                    <mo>&#x2212;</mo>
                    <mi>j</mi>
                  </mrow>
                </msubsup>
              </mrow>
            </mstyle>
          </mrow>
        </mfrac>
        <mo>+</mo>
        <mo>.</mo>
        <mo>.</mo>
        <mo>.</mo>
      </mrow>
      <mo>)</mo>
    </mrow>
  </mrow>
</math>
