<?xml version="1.0"?>
<math xmlns="http://www.w3.org/1998/Math/MathML" display="block">
  <mtable columnalign="left">
    <mtr>
      <mtd>
        <mrow>
          <mmultiscripts>
            <mrow>
              <msubsup>
                <mrow>
                  <mi>G</mi>
                </mrow>
                <mrow>
                  <mi>m</mi>
                </mrow>
                <mrow>&#x03A6;</mrow>
              </msubsup>
            </mrow>
            <mprescripts/>
            <mrow>
              <mo>&#xA0;</mo>
            </mrow>
            <mrow>
              <mi>X</mi>
              <mi>S</mi>
            </mrow>
          </mmultiscripts>
          <mo>=</mo>
          <munder>
            <mstyle mathsize="140%" displaystyle="true">
              <mrow>
                <mo>&#x2211;</mo>
              </mrow>
            </mstyle>
            <mrow>
              <mi>i</mi>
            </mrow>
          </munder>
          <munder>
            <mstyle mathsize="140%" displaystyle="true">
              <mrow>
                <mo>&#x2211;</mo>
              </mrow>
            </mstyle>
            <mrow>
              <mi>j</mi>
              <mo>&#x003E;</mo>
              <mi>i</mi>
            </mrow>
          </munder>
          <msub>
            <mrow>
              <mi>x</mi>
            </mrow>
            <mrow>
              <mi>i</mi>
            </mrow>
          </msub>
          <msub>
            <mrow>
              <mi>x</mi>
            </mrow>
            <mrow>
              <mi>j</mi>
            </mrow>
          </msub>
          <munder>
            <mstyle mathsize="140%" displaystyle="true">
              <mrow>
                <mo>&#x2211;</mo>
              </mrow>
            </mstyle>
            <mrow>
              <mi>v</mi>
              <mo>=</mo>
              <mn>0</mn>
            </mrow>
          </munder>
          <mmultiscripts>
            <mrow>
              <msubsup>
                <mrow>
                  <mi>L</mi>
                </mrow>
                <mrow>
                  <mi>i</mi>
                  <mo>,</mo>
                  <mi>j</mi>
                </mrow>
                <mrow>&#x03A6;</mrow>
              </msubsup>
            </mrow>
            <mprescripts/>
            <mrow/>
            <mrow>
              <mi>v</mi>
            </mrow>
          </mmultiscripts>
          <mrow>
            <mo>(</mo>
            <mrow>
              <msub>
                <mrow>
                  <mi>x</mi>
                </mrow>
                <mrow>
                  <mi>i</mi>
                </mrow>
              </msub>
              <mo>&#x2212;</mo>
              <msub>
                <mrow>
                  <mi>x</mi>
                </mrow>
                <mrow>
                  <mi>j</mi>
                </mrow>
              </msub>
            </mrow>
            <mo>)</mo>
          </mrow>
        </mrow>
      </mtd>
    </mtr>
    <mtr>
      <mtd>
        <mrow>
          <mo>+</mo>
          <munder>
            <mstyle mathsize="140%" displaystyle="true">
              <mrow>
                <mo>&#x2211;</mo>
              </mrow>
            </mstyle>
            <mrow>
              <mi>i</mi>
            </mrow>
          </munder>
          <munder>
            <mstyle mathsize="140%" displaystyle="true">
              <mrow>
                <mo>&#x2211;</mo>
              </mrow>
            </mstyle>
            <mrow>
              <mi>j</mi>
              <mo>&#x003E;</mo>
              <mi>i</mi>
            </mrow>
          </munder>
          <munder>
            <mstyle mathsize="140%" displaystyle="true">
              <mrow>
                <mo>&#x2211;</mo>
              </mrow>
            </mstyle>
            <mrow>
              <mi>k</mi>
              <mo>&#x003E;</mo>
              <mi>j</mi>
            </mrow>
          </munder>
          <msub>
            <mrow>
              <mi>x</mi>
            </mrow>
            <mrow>
              <mi>i</mi>
            </mrow>
          </msub>
          <msub>
            <mrow>
              <mi>x</mi>
            </mrow>
            <mrow>
              <mi>j</mi>
            </mrow>
          </msub>
          <msub>
            <mrow>
              <mi>x</mi>
            </mrow>
            <mrow>
              <mi>k</mi>
            </mrow>
          </msub>
          <mrow>
            <mo>[</mo>
            <mrow>
              <mmultiscripts>
                <mrow>
                  <msubsup>
                    <mrow>
                      <mi>L</mi>
                    </mrow>
                    <mrow>
                      <mi>i</mi>
                      <mo>,</mo>
                      <mi>j</mi>
                      <mo>,</mo>
                      <mi>k</mi>
                    </mrow>
                    <mrow>&#x03A6;</mrow>
                  </msubsup>
                </mrow>
                <mprescripts/>
                <mrow/>
                <mrow>
                  <mn>1</mn>
                </mrow>
              </mmultiscripts>
              <mrow>
                <mo>(</mo>
                <mrow>
                  <msub>
                    <mrow>
                      <mi>x</mi>
                    </mrow>
                    <mrow>
                      <mi>i</mi>
                    </mrow>
                  </msub>
                  <mo>+</mo>
                  <msub>
                    <mrow>
                      <mi>&#x03B4;</mi>
                    </mrow>
                    <mrow>
                      <mi>i</mi>
                      <mo>,</mo>
                      <mi>j</mi>
                      <mo>,</mo>
                      <mi>k</mi>
                    </mrow>
                  </msub>
                </mrow>
                <mo>)</mo>
              </mrow>
              <mo>+</mo>
              <mmultiscripts>
                <mrow>
                  <msubsup>
                    <mrow>
                      <mi>L</mi>
                    </mrow>
                    <mrow>
                      <mi>i</mi>
                      <mo>,</mo>
                      <mi>j</mi>
                      <mo>,</mo>
                      <mi>k</mi>
                    </mrow>
                    <mrow>&#x03A6;</mrow>
                  </msubsup>
                </mrow>
                <mprescripts/>
                <mrow/>
                <mrow>
                  <mn>2</mn>
                </mrow>
              </mmultiscripts>
              <mrow>
                <mo>(</mo>
                <mrow>
                  <msub>
                    <mrow>
                      <mi>x</mi>
                    </mrow>
                    <mrow>
                      <mi>j</mi>
                    </mrow>
                  </msub>
                  <mo>+</mo>
                  <msub>
                    <mrow>
                      <mi>&#x03B4;</mi>
                    </mrow>
                    <mrow>
                      <mi>i</mi>
                      <mo>,</mo>
                      <mi>j</mi>
                      <mo>,</mo>
                      <mi>k</mi>
                    </mrow>
                  </msub>
                </mrow>
                <mo>)</mo>
              </mrow>
              <mo>+</mo>
              <mmultiscripts>
                <mrow>
                  <msubsup>
                    <mrow>
                      <mi>L</mi>
                    </mrow>
                    <mrow>
                      <mi>i</mi>
                      <mo>,</mo>
                      <mi>j</mi>
                      <mo>,</mo>
                      <mi>k</mi>
                    </mrow>
                    <mrow>&#x03A6;</mrow>
                  </msubsup>
                </mrow>
                <mprescripts/>
                <mrow/>
                <mrow>
                  <mn>3</mn>
                </mrow>
              </mmultiscripts>
              <mrow>
                <mo>(</mo>
                <mrow>
                  <msub>
                    <mrow>
                      <mi>x</mi>
                    </mrow>
                    <mrow>
                      <mi>k</mi>
                    </mrow>
                  </msub>
                  <mo>+</mo>
                  <msub>
                    <mrow>
                      <mi>&#x03B4;</mi>
                    </mrow>
                    <mrow>
                      <mi>i</mi>
                      <mo>,</mo>
                      <mi>j</mi>
                      <mo>,</mo>
                      <mi>k</mi>
                    </mrow>
                  </msub>
                </mrow>
                <mo>)</mo>
              </mrow>
            </mrow>
            <mo>]</mo>
          </mrow>
        </mrow>
      </mtd>
    </mtr>
  </mtable>
</math>
