<?xml version="1.0"?>
<math xmlns="http://www.w3.org/1998/Math/MathML">
  <mtable columnalign="left">
    <mtr>
      <mtd>
        <mrow>
          <mi>f</mi>
          <mrow>
            <mo>(</mo>
            <mrow>
              <mi>&#x03C4;</mi>
            </mrow>
            <mo>)</mo>
          </mrow>
          <mo>=</mo>
          <mn>1</mn>
          <mo>&#x2212;</mo>
          <mfrac>
            <mrow>
              <mn>1</mn>
            </mrow>
            <mrow>
              <mi>A</mi>
            </mrow>
          </mfrac>
          <mrow>
            <mo>[</mo>
            <mrow>
              <mfrac>
                <mrow>
                  <mn>7</mn>
                  <mn>9</mn>
                  <msup>
                    <mrow>
                      <mi>&#x03C4;</mi>
                    </mrow>
                    <mrow>
                      <mo>&#x2212;</mo>
                      <mn>1</mn>
                    </mrow>
                  </msup>
                </mrow>
                <mrow>
                  <mn>1</mn>
                  <mn>4</mn>
                  <mn>0</mn>
                  <mi>p</mi>
                </mrow>
              </mfrac>
              <mo>+</mo>
              <mfrac>
                <mrow>
                  <mn>4</mn>
                  <mn>7</mn>
                  <mn>4</mn>
                </mrow>
                <mrow>
                  <mn>4</mn>
                  <mn>9</mn>
                  <mn>7</mn>
                </mrow>
              </mfrac>
              <mrow>
                <mo>(</mo>
                <mrow>
                  <mfrac>
                    <mrow>
                      <mn>1</mn>
                    </mrow>
                    <mrow>
                      <mi>p</mi>
                    </mrow>
                  </mfrac>
                  <mo>&#x2212;</mo>
                  <mn>1</mn>
                </mrow>
                <mo>)</mo>
              </mrow>
              <mrow>
                <mo>(</mo>
                <mrow>
                  <mfrac>
                    <mrow>
                      <msup>
                        <mrow>
                          <mi>&#x03C4;</mi>
                        </mrow>
                        <mrow>
                          <mn>3</mn>
                        </mrow>
                      </msup>
                    </mrow>
                    <mrow>
                      <mn>6</mn>
                    </mrow>
                  </mfrac>
                  <mo>+</mo>
                  <mfrac>
                    <mrow>
                      <msup>
                        <mrow>
                          <mi>&#x03C4;</mi>
                        </mrow>
                        <mrow>
                          <mn>9</mn>
                        </mrow>
                      </msup>
                    </mrow>
                    <mrow>
                      <mn>1</mn>
                      <mn>3</mn>
                      <mn>5</mn>
                    </mrow>
                  </mfrac>
                  <mo>+</mo>
                  <mfrac>
                    <mrow>
                      <msup>
                        <mrow>
                          <mi>&#x03C4;</mi>
                        </mrow>
                        <mrow>
                          <mn>1</mn>
                          <mn>5</mn>
                        </mrow>
                      </msup>
                    </mrow>
                    <mrow>
                      <mn>6</mn>
                      <mn>0</mn>
                      <mn>0</mn>
                    </mrow>
                  </mfrac>
                </mrow>
                <mo>)</mo>
              </mrow>
            </mrow>
            <mo>]</mo>
          </mrow>
          <mo>,</mo>
          <mo>&#xA0;</mo>
          <mi>i</mi>
          <mi>f</mi>
          <mo>&#xA0;</mo>
          <mi>&#x03C4;</mi>
          <mo>=</mo>
          <mfrac>
            <mrow>
              <mi>T</mi>
            </mrow>
            <mrow>
              <msub>
                <mrow>
                  <mi>T</mi>
                </mrow>
                <mrow>
                  <mi>C</mi>
                </mrow>
              </msub>
            </mrow>
          </mfrac>
          <mo>&#x2264;</mo>
          <mn>1</mn>
        </mrow>
      </mtd>
    </mtr>
    <mtr>
      <mtd>
        <mrow>
          <mi>f</mi>
          <mrow>
            <mo>(</mo>
            <mrow>
              <mi>&#x03C4;</mi>
            </mrow>
            <mo>)</mo>
          </mrow>
          <mo>=</mo>
          <mo>&#x2212;</mo>
          <mfrac>
            <mrow>
              <mn>1</mn>
            </mrow>
            <mrow>
              <mi>A</mi>
            </mrow>
          </mfrac>
          <mrow>
            <mo>(</mo>
            <mrow>
              <mfrac>
                <mrow>
                  <msup>
                    <mrow>
                      <mi>&#x03C4;</mi>
                    </mrow>
                    <mrow>
                      <mo>&#x2212;</mo>
                      <mn>5</mn>
                    </mrow>
                  </msup>
                </mrow>
                <mrow>
                  <mn>1</mn>
                  <mn>0</mn>
                </mrow>
              </mfrac>
              <mo>+</mo>
              <mfrac>
                <mrow>
                  <msup>
                    <mrow>
                      <mi>&#x03C4;</mi>
                    </mrow>
                    <mrow>
                      <mo>&#x2212;</mo>
                      <mn>1</mn>
                      <mn>5</mn>
                    </mrow>
                  </msup>
                </mrow>
                <mrow>
                  <mn>3</mn>
                  <mn>1</mn>
                  <mn>5</mn>
                </mrow>
              </mfrac>
              <mo>+</mo>
              <mfrac>
                <mrow>
                  <msup>
                    <mrow>
                      <mi>&#x03C4;</mi>
                    </mrow>
                    <mrow>
                      <mo>&#x2212;</mo>
                      <mn>2</mn>
                      <mn>5</mn>
                    </mrow>
                  </msup>
                </mrow>
                <mrow>
                  <mn>1</mn>
                  <mn>5</mn>
                  <mn>0</mn>
                  <mn>0</mn>
                </mrow>
              </mfrac>
            </mrow>
            <mo>)</mo>
          </mrow>
          <mo>,</mo>
          <mo>&#xA0;</mo>
          <mi>i</mi>
          <mi>f</mi>
          <mo>&#xA0;</mo>
          <mi>&#x03C4;</mi>
          <mo>=</mo>
          <mfrac>
            <mrow>
              <mi>T</mi>
            </mrow>
            <mrow>
              <msub>
                <mrow>
                  <mi>T</mi>
                </mrow>
                <mrow>
                  <mi>C</mi>
                </mrow>
              </msub>
            </mrow>
          </mfrac>
          <mo>&#x2265;</mo>
          <mn>1</mn>
        </mrow>
      </mtd>
    </mtr>
    <mtr>
      <mtd>
        <mrow>
          <mi>A</mi>
          <mo>=</mo>
          <mfrac>
            <mrow>
              <mn>5</mn>
              <mn>1</mn>
              <mn>8</mn>
            </mrow>
            <mrow>
              <mn>1</mn>
              <mn>1</mn>
              <mn>2</mn>
              <mn>5</mn>
            </mrow>
          </mfrac>
          <mo>+</mo>
          <mfrac>
            <mrow>
              <mn>1</mn>
              <mn>1</mn>
              <mo>,</mo>
              <mn>6</mn>
              <mn>9</mn>
              <mn>2</mn>
            </mrow>
            <mrow>
              <mn>1</mn>
              <mn>5</mn>
              <mo>,</mo>
              <mn>9</mn>
              <mn>7</mn>
              <mn>5</mn>
            </mrow>
          </mfrac>
          <mrow>
            <mo>(</mo>
            <mrow>
              <mfrac>
                <mrow>
                  <mn>1</mn>
                </mrow>
                <mrow>
                  <mi>p</mi>
                </mrow>
              </mfrac>
              <mo>&#x2212;</mo>
              <mn>1</mn>
            </mrow>
            <mo>)</mo>
          </mrow>
          <mo>&#xA0;</mo>
        </mrow>
      </mtd>
    </mtr>
  </mtable>
</math>
