<?xml version="1.0"?>
<math xmlns="http://www.w3.org/1998/Math/MathML">
  <mtable columnalign="left">
    <mtr>
      <mtd>
        <mrow>
          <msubsup>
            <mrow>
              <mi>G</mi>
            </mrow>
            <mrow>
              <mi>m</mi>
            </mrow>
            <mrow>
              <mi>&#x03C3;</mi>
            </mrow>
          </msubsup>
          <mo>=</mo>
          <munder>
            <mstyle mathsize="140%" displaystyle="true">
              <mrow>
                <mo>&#x2211;</mo>
              </mrow>
            </mstyle>
            <mrow>
              <mi>i</mi>
            </mrow>
          </munder>
          <munder>
            <mstyle mathsize="140%" displaystyle="true">
              <mrow>
                <mo>&#x2211;</mo>
              </mrow>
            </mstyle>
            <mrow>
              <mi>j</mi>
            </mrow>
          </munder>
          <msubsup>
            <mrow>
              <mi>y</mi>
            </mrow>
            <mrow>
              <mi>i</mi>
            </mrow>
            <mrow>
              <mo>&#x0027;</mo>
            </mrow>
          </msubsup>
          <msubsup>
            <mrow>
              <mi>y</mi>
            </mrow>
            <mrow>
              <mi>j</mi>
            </mrow>
            <mrow>
              <mo>&#x0027;</mo>
              <mo>&#x0027;</mo>
            </mrow>
          </msubsup>
          <mmultiscripts>
            <mrow>
              <msubsup>
                <mrow>
                  <mi>G</mi>
                </mrow>
                <mrow>
                  <mi>i</mi>
                  <mo>:</mo>
                  <mi>j</mi>
                  <mo>:</mo>
                  <mi>C</mi>
                  <mi>r</mi>
                </mrow>
                <mrow>
                  <mi>&#x03C3;</mi>
                </mrow>
              </msubsup>
            </mrow>
            <mprescripts/>
            <mrow>
              <mo>&#xA0;</mo>
            </mrow>
            <mrow>
              <mi>o</mi>
            </mrow>
          </mmultiscripts>
          <mo>+</mo>
          <mi>R</mi>
          <mi>T</mi>
          <mrow>
            <mo>[</mo>
            <mrow>
              <mn>8</mn>
              <munder>
                <mstyle mathsize="140%" displaystyle="true">
                  <mrow>
                    <mo>&#x2211;</mo>
                  </mrow>
                </mstyle>
                <mrow>
                  <mi>i</mi>
                </mrow>
              </munder>
              <msubsup>
                <mrow>
                  <mi>y</mi>
                </mrow>
                <mrow>
                  <mi>i</mi>
                </mrow>
                <mrow>
                  <mo>&#x0027;</mo>
                </mrow>
              </msubsup>
              <mi>l</mi>
              <mi>n</mi>
              <mrow>
                <mo>(</mo>
                <mrow>
                  <msubsup>
                    <mrow>
                      <mi>y</mi>
                    </mrow>
                    <mrow>
                      <mi>i</mi>
                    </mrow>
                    <mrow>
                      <mo>&#x0027;</mo>
                    </mrow>
                  </msubsup>
                </mrow>
                <mo>)</mo>
              </mrow>
              <mo>+</mo>
              <mn>1</mn>
              <mn>8</mn>
              <munder>
                <mstyle mathsize="140%" displaystyle="true">
                  <mrow>
                    <mo>&#x2211;</mo>
                  </mrow>
                </mstyle>
                <mrow>
                  <mi>j</mi>
                </mrow>
              </munder>
              <msubsup>
                <mrow>
                  <mi>y</mi>
                </mrow>
                <mrow>
                  <mi>j</mi>
                </mrow>
                <mrow>
                  <mo>&#x0027;</mo>
                  <mo>&#x0027;</mo>
                </mrow>
              </msubsup>
              <mi>l</mi>
              <mi>n</mi>
              <mrow>
                <mo>(</mo>
                <mrow>
                  <msubsup>
                    <mrow>
                      <mi>y</mi>
                    </mrow>
                    <mrow>
                      <mi>j</mi>
                    </mrow>
                    <mrow>
                      <mo>&#x0027;</mo>
                      <mo>&#x0027;</mo>
                    </mrow>
                  </msubsup>
                </mrow>
                <mo>)</mo>
              </mrow>
            </mrow>
            <mo>]</mo>
          </mrow>
        </mrow>
      </mtd>
    </mtr>
    <mtr>
      <mtd>
        <mrow>
          <mo>+</mo>
          <munder>
            <mstyle mathsize="140%" displaystyle="true">
              <mrow>
                <mo>&#x2211;</mo>
              </mrow>
            </mstyle>
            <mrow>
              <msub>
                <mrow>
                  <mi>i</mi>
                </mrow>
                <mrow>
                  <mn>1</mn>
                </mrow>
              </msub>
            </mrow>
          </munder>
          <munder>
            <mstyle mathsize="140%" displaystyle="true">
              <mrow>
                <mo>&#x2211;</mo>
              </mrow>
            </mstyle>
            <mrow>
              <msub>
                <mrow>
                  <mi>i</mi>
                </mrow>
                <mrow>
                  <mn>2</mn>
                </mrow>
              </msub>
            </mrow>
          </munder>
          <munder>
            <mstyle mathsize="140%" displaystyle="true">
              <mrow>
                <mo>&#x2211;</mo>
              </mrow>
            </mstyle>
            <mrow>
              <mi>j</mi>
            </mrow>
          </munder>
          <mrow>
            <mo>{</mo>
            <mrow>
              <msubsup>
                <mrow>
                  <mi>y</mi>
                </mrow>
                <mrow>
                  <msub>
                    <mrow>
                      <mi>i</mi>
                    </mrow>
                    <mrow>
                      <mn>1</mn>
                    </mrow>
                  </msub>
                </mrow>
                <mrow>
                  <mo>&#x0027;</mo>
                </mrow>
              </msubsup>
              <msubsup>
                <mrow>
                  <mi>y</mi>
                </mrow>
                <mrow>
                  <msub>
                    <mrow>
                      <mi>i</mi>
                    </mrow>
                    <mrow>
                      <mn>2</mn>
                    </mrow>
                  </msub>
                </mrow>
                <mrow>
                  <mo>&#x0027;</mo>
                </mrow>
              </msubsup>
              <msubsup>
                <mrow>
                  <mi>y</mi>
                </mrow>
                <mrow>
                  <mi>j</mi>
                </mrow>
                <mrow>
                  <mo>&#x0027;</mo>
                  <mo>&#x0027;</mo>
                </mrow>
              </msubsup>
              <mrow>
                <mo>[</mo>
                <mrow>
                  <munder>
                    <mstyle mathsize="140%" displaystyle="true">
                      <mrow>
                        <mo>&#x2211;</mo>
                      </mrow>
                    </mstyle>
                    <mrow>
                      <mi>k</mi>
                    </mrow>
                  </munder>
                  <mmultiscripts>
                    <mrow>
                      <msubsup>
                        <mrow>
                          <mi>L</mi>
                        </mrow>
                        <mrow>
                          <msub>
                            <mrow>
                              <mi>i</mi>
                            </mrow>
                            <mrow>
                              <mn>1</mn>
                            </mrow>
                          </msub>
                          <mo>,</mo>
                          <msub>
                            <mrow>
                              <mi>i</mi>
                            </mrow>
                            <mrow>
                              <mn>2</mn>
                            </mrow>
                          </msub>
                          <mo>:</mo>
                          <mi>j</mi>
                          <mo>:</mo>
                          <mi>C</mi>
                          <mi>r</mi>
                        </mrow>
                        <mrow>
                          <mi>&#x03C3;</mi>
                        </mrow>
                      </msubsup>
                    </mrow>
                    <mprescripts/>
                    <mrow>
                      <mo>&#xA0;</mo>
                    </mrow>
                    <mrow>
                      <mi>k</mi>
                    </mrow>
                  </mmultiscripts>
                  <msup>
                    <mrow>
                      <mrow>
                        <mo>(</mo>
                        <mrow>
                          <msubsup>
                            <mrow>
                              <mi>y</mi>
                            </mrow>
                            <mrow>
                              <msub>
                                <mrow>
                                  <mi>i</mi>
                                </mrow>
                                <mrow>
                                  <mn>1</mn>
                                </mrow>
                              </msub>
                            </mrow>
                            <mrow>
                              <mo>&#x0027;</mo>
                            </mrow>
                          </msubsup>
                          <mo>&#x2212;</mo>
                          <msubsup>
                            <mrow>
                              <mi>y</mi>
                            </mrow>
                            <mrow>
                              <msub>
                                <mrow>
                                  <mi>i</mi>
                                </mrow>
                                <mrow>
                                  <mn>2</mn>
                                </mrow>
                              </msub>
                            </mrow>
                            <mrow>
                              <mo>&#x0027;</mo>
                            </mrow>
                          </msubsup>
                        </mrow>
                        <mo>)</mo>
                      </mrow>
                    </mrow>
                    <mrow>
                      <mi>k</mi>
                    </mrow>
                  </msup>
                </mrow>
                <mo>]</mo>
              </mrow>
            </mrow>
            <mo>}</mo>
          </mrow>
        </mrow>
      </mtd>
    </mtr>
    <mtr>
      <mtd>
        <mrow>
          <mo>+</mo>
          <munder>
            <mstyle mathsize="140%" displaystyle="true">
              <mrow>
                <mo>&#x2211;</mo>
              </mrow>
            </mstyle>
            <mrow>
              <mi>i</mi>
            </mrow>
          </munder>
          <munder>
            <mstyle mathsize="140%" displaystyle="true">
              <mrow>
                <mo>&#x2211;</mo>
              </mrow>
            </mstyle>
            <mrow>
              <msub>
                <mrow>
                  <mi>j</mi>
                </mrow>
                <mrow>
                  <mn>1</mn>
                </mrow>
              </msub>
            </mrow>
          </munder>
          <munder>
            <mstyle mathsize="140%" displaystyle="true">
              <mrow>
                <mo>&#x2211;</mo>
              </mrow>
            </mstyle>
            <mrow>
              <msub>
                <mrow>
                  <mi>j</mi>
                </mrow>
                <mrow>
                  <mn>2</mn>
                </mrow>
              </msub>
            </mrow>
          </munder>
          <mrow>
            <mo>{</mo>
            <mrow>
              <msubsup>
                <mrow>
                  <mi>y</mi>
                </mrow>
                <mrow>
                  <mi>i</mi>
                </mrow>
                <mrow>
                  <mo>&#x0027;</mo>
                </mrow>
              </msubsup>
              <msubsup>
                <mrow>
                  <mi>y</mi>
                </mrow>
                <mrow>
                  <msub>
                    <mrow>
                      <mi>j</mi>
                    </mrow>
                    <mrow>
                      <mn>1</mn>
                    </mrow>
                  </msub>
                </mrow>
                <mrow>
                  <mo>&#x0027;</mo>
                  <mo>&#x0027;</mo>
                </mrow>
              </msubsup>
              <msubsup>
                <mrow>
                  <mi>y</mi>
                </mrow>
                <mrow>
                  <msub>
                    <mrow>
                      <mi>j</mi>
                    </mrow>
                    <mrow>
                      <mn>2</mn>
                    </mrow>
                  </msub>
                </mrow>
                <mrow>
                  <mo>&#x0027;</mo>
                  <mo>&#x0027;</mo>
                </mrow>
              </msubsup>
              <mrow>
                <mo>[</mo>
                <mrow>
                  <munder>
                    <mstyle mathsize="140%" displaystyle="true">
                      <mrow>
                        <mo>&#x2211;</mo>
                      </mrow>
                    </mstyle>
                    <mrow>
                      <mi>k</mi>
                    </mrow>
                  </munder>
                  <mmultiscripts>
                    <mrow>
                      <msubsup>
                        <mrow>
                          <mi>L</mi>
                        </mrow>
                        <mrow>
                          <mi>i</mi>
                          <mo>:</mo>
                          <msub>
                            <mrow>
                              <mi>j</mi>
                            </mrow>
                            <mrow>
                              <mn>1</mn>
                            </mrow>
                          </msub>
                          <mo>,</mo>
                          <msub>
                            <mrow>
                              <mi>j</mi>
                            </mrow>
                            <mrow>
                              <mn>2</mn>
                            </mrow>
                          </msub>
                          <mo>:</mo>
                          <mi>C</mi>
                          <mi>r</mi>
                        </mrow>
                        <mrow>
                          <mi>&#x03C3;</mi>
                        </mrow>
                      </msubsup>
                    </mrow>
                    <mprescripts/>
                    <mrow>
                      <mo>&#xA0;</mo>
                    </mrow>
                    <mrow>
                      <mi>k</mi>
                    </mrow>
                  </mmultiscripts>
                  <msup>
                    <mrow>
                      <mrow>
                        <mo>(</mo>
                        <mrow>
                          <msubsup>
                            <mrow>
                              <mi>y</mi>
                            </mrow>
                            <mrow>
                              <msub>
                                <mrow>
                                  <mi>j</mi>
                                </mrow>
                                <mrow>
                                  <mn>1</mn>
                                </mrow>
                              </msub>
                            </mrow>
                            <mrow>
                              <mo>&#x0027;</mo>
                              <mo>&#x0027;</mo>
                            </mrow>
                          </msubsup>
                          <mo>&#x2212;</mo>
                          <msubsup>
                            <mrow>
                              <mi>y</mi>
                            </mrow>
                            <mrow>
                              <msub>
                                <mrow>
                                  <mi>j</mi>
                                </mrow>
                                <mrow>
                                  <mn>2</mn>
                                </mrow>
                              </msub>
                            </mrow>
                            <mrow>
                              <mo>&#x0027;</mo>
                              <mo>&#x0027;</mo>
                            </mrow>
                          </msubsup>
                        </mrow>
                        <mo>)</mo>
                      </mrow>
                    </mrow>
                    <mrow>
                      <mi>k</mi>
                    </mrow>
                  </msup>
                </mrow>
                <mo>]</mo>
              </mrow>
            </mrow>
            <mo>}</mo>
          </mrow>
        </mrow>
      </mtd>
    </mtr>
  </mtable>
</math>
