<?xml version="1.0"?>
<math xmlns="http://www.w3.org/1998/Math/MathML" display="block">
  <mrow>
    <menclose notation="top left">
      <mrow>
        <mi>a</mi>
      </mrow>
    </menclose>
    <mo>+</mo>
    <menclose notation="actuarial">
      <mrow>
        <mi>b</mi>
      </mrow>
    </menclose>
    <mo>+</mo>
    <menclose notation="bottom left">
      <mrow>
        <mi>c</mi>
      </mrow>
    </menclose>
    <mo>+</mo>
    <menclose notation="bottom right">
      <mrow>
        <mi>d</mi>
      </mrow>
    </menclose>
    <mo>+</mo>
    <menclose notation="box">
      <mrow>
        <mi>e</mi>
      </mrow>
    </menclose>
  </mrow>
</math>
