<?xml version="1.0"?>
<math xmlns="http://www.w3.org/1998/Math/MathML" display="block">
  <mtable columnalign="left">
    <mtr>
      <mtd>
        <mrow>
          <mover accent="true">
            <mrow>
              <mi>a</mi>
              <mo>+</mo>
              <mi>b</mi>
            </mrow>
            <mo stretchy="true">&#x2DC;</mo>
          </mover>
          <mo>+</mo>
          <mover accent="true">
            <mrow>
              <mi>c</mi>
              <mo>+</mo>
              <mi>d</mi>
            </mrow>
            <mo stretchy="true">^</mo>
          </mover>
          <mo>+</mo>
          <mover accent="true">
            <mrow>
              <mi>d</mi>
              <mo>+</mo>
              <mi>f</mi>
            </mrow>
            <mo stretchy="true">&#x2322;</mo>
          </mover>
          <mo>+</mo>
          <mover accent="true">
            <mrow>
              <mi>e</mi>
              <mo>+</mo>
              <mi>f</mi>
            </mrow>
            <mo stretchy="true">&#xFE39;</mo>
          </mover>
          <mo>+</mo>
          <mover accent="true">
            <mrow>
              <mi>x</mi>
              <mo>+</mo>
              <mi>y</mi>
            </mrow>
            <mo stretchy="true">&#xAF;</mo>
          </mover>
          <mo>+</mo>
        </mrow>
      </mtd>
    </mtr>
    <mtr>
      <mtd>
        <mrow>
          <mover accent="true">
            <mover accent="true">
              <mrow>
                <mi>y</mi>
                <mo>+</mo>
                <mi>t</mi>
              </mrow>
              <mo stretchy="true">&#xAF;</mo>
            </mover>
            <mo stretchy="true">&#xAF;</mo>
          </mover>
          <mo>+</mo>
          <munder accentunder="true">
            <mrow>
              <mi>l</mi>
              <mo>+</mo>
              <mi>m</mi>
            </mrow>
            <mo stretchy="true">_</mo>
          </munder>
          <mo>+</mo>
          <munder accentunder="true">
            <munder accentunder="true">
              <mrow>
                <mi>k</mi>
                <mo>+</mo>
                <mi>e</mi>
              </mrow>
              <mo stretchy="true">_</mo>
            </munder>
            <mo stretchy="true">_</mo>
          </munder>
          <mo>+</mo>
          <mover accent="true">
            <mrow>
              <mi>k</mi>
              <mi>c</mi>
              <mo>+</mo>
              <mn>3</mn>
            </mrow>
            <mo stretchy="true">&#x2192;</mo>
          </mover>
          <mo>+</mo>
          <mover accent="true">
            <mrow>
              <mi>a</mi>
              <mo>+</mo>
              <mi>b</mi>
            </mrow>
            <mo stretchy="true">&#x2190;</mo>
          </mover>
          <mo>+</mo>
        </mrow>
      </mtd>
    </mtr>
    <mtr>
      <mtd>
        <mrow>
          <mover accent="true">
            <mrow>
              <mi>y</mi>
              <mo>+</mo>
              <mi>x</mi>
            </mrow>
            <mo stretchy="true">&#x21C0;</mo>
          </mover>
          <mo>+</mo>
          <mover accent="true">
            <mrow>
              <mi>k</mi>
              <mo>&#x2212;</mo>
              <mn>4</mn>
            </mrow>
            <mo stretchy="true">&#x2194;</mo>
          </mover>
          <mo>+</mo>
          <munder accentunder="true">
            <mrow>
              <mi>c</mi>
              <mo>&#x2212;</mo>
              <mi>d</mi>
            </mrow>
            <mo stretchy="true">&#x2192;</mo>
          </munder>
          <mo>+</mo>
          <munder accentunder="true">
            <mrow>
              <mi>d</mi>
              <mo>+</mo>
              <mi>e</mi>
            </mrow>
            <mo stretchy="true">&#x2190;</mo>
          </munder>
          <mo>+</mo>
          <munder accentunder="true">
            <mrow>
              <mi>e</mi>
              <mo>+</mo>
              <mi>f</mi>
            </mrow>
            <mo stretchy="true">&#x21C1;</mo>
          </munder>
          <mo>+</mo>
        </mrow>
      </mtd>
    </mtr>
    <mtr>
      <mtd>
        <mrow>
          <munder accentunder="true">
            <mrow>
              <mi>c</mi>
              <mo>+</mo>
              <mi>e</mi>
            </mrow>
            <mo stretchy="true">&#x2194;</mo>
          </munder>
          <mo>+</mo>
          <menclose notation="horizontalstrike">
            <mrow>
              <mi>d</mi>
              <mo>+</mo>
              <mi>f</mi>
            </mrow>
          </menclose>
          <mo>+</mo>
          <menclose notation="updiagonalstrike downdiagonalstrike">
            <mrow>
              <mi>x</mi>
              <mo>+</mo>
              <mi>z</mi>
            </mrow>
          </menclose>
          <mo>+</mo>
          <menclose notation="updiagonalstrike">
            <mrow>
              <mi>e</mi>
              <mo>+</mo>
              <mi>x</mi>
            </mrow>
          </menclose>
          <mo>+</mo>
          <menclose notation="downdiagonalstrike">
            <mrow>
              <mi>y</mi>
              <mo>+</mo>
              <mi>z</mi>
            </mrow>
          </menclose>
        </mrow>
      </mtd>
    </mtr>
    <mtr>
      <mtd>
        <mrow>
          <mo>+</mo>
          <mo>+</mo>
          <menclose notation="longdiv">
            <mrow>
              <mi>d</mi>
              <mo>+</mo>
              <mn>3</mn>
            </mrow>
          </menclose>
          <mo>+</mo>
          <mtable>
            <mtr>
              <mtd columnalign="right">
                <mrow>
                  <mi>d</mi>
                  <mo>+</mo>
                  <mn>3</mn>
                </mrow>
              </mtd>
            </mtr>
            <mtr>
              <mtd columnalign="right">
                <menclose notation="longdiv">
                  <mrow>
                    <mi>x</mi>
                    <mi>y</mi>
                  </mrow>
                </menclose>
              </mtd>
            </mtr>
          </mtable>
        </mrow>
      </mtd>
    </mtr>
  </mtable>
</math>
