<?xml version="1.0"?>
<math xmlns="http://www.w3.org/1998/Math/MathML" display="block">
  <mrow>
    <msup>
      <mrow>
        <mo stretchy="false">(</mo>
        <mi>a</mi>
        <mo>&#x2212;</mo>
        <mi>b</mi>
        <mo stretchy="false">)</mo>
      </mrow>
      <mrow>
        <mi>c</mi>
      </mrow>
    </msup>
  </mrow>
</math>
