<?xml version="1.0"?>
<math xmlns="http://www.w3.org/1998/Math/MathML" display="block">
  <mrow>
    <mi>c</mi>
    <mi>o</mi>
    <msup>
      <mrow>
        <mi>s</mi>
      </mrow>
      <mrow>
        <mo>&#x2212;</mo>
        <mn>1</mn>
      </mrow>
    </msup>
    <mi>&#x03B8;</mi>
    <mrow>
      <mo>(</mo>
      <mrow>
        <mfrac>
          <mrow>
            <mi>&#x03C0;</mi>
          </mrow>
          <mrow>
            <mn>2</mn>
          </mrow>
        </mfrac>
        <mo>&#x2212;</mo>
        <mi>&#x03B8;</mi>
      </mrow>
      <mo>)</mo>
    </mrow>
    <msup>
      <mrow>
        <mi>e</mi>
      </mrow>
      <mrow>
        <mi>i</mi>
        <mi>&#x03B8;</mi>
      </mrow>
    </msup>
    <mi>a</mi>
    <mi>r</mi>
    <mi>c</mi>
    <mi>s</mi>
    <mi>i</mi>
    <mi>n</mi>
    <mi>&#x03B8;</mi>
    <mi>&#xF00C;<mi/></mi>
    <mo>&#x221E;</mo>
    <mi>&#x2124;</mi>
    <mi>&#xF000;<mi/></mi>
    <mi>&#x0398;</mi>
    <mi>&#x019B;</mi>
    <mfrac>
      <mrow>
        <msup>
          <mrow>
            <mo>&#x2202;</mo>
          </mrow>
          <mrow>
            <mn>2</mn>
          </mrow>
        </msup>
        <mo>&#x03A9;</mo>
      </mrow>
      <mrow>
        <mo>&#x2202;</mo>
        <mi>u</mi>
        <mo>&#x2202;</mo>
        <mi>v</mi>
      </mrow>
    </mfrac>
    <mrow>
      <mo>[</mo>
      <mrow>
        <mn>0</mn>
        <mo>,</mo>
        <mn>1</mn>
      </mrow>
      <mo>]</mo>
    </mrow>
    <mstyle displaystyle="true">
      <mrow>
        <munder>
          <mo>&#x222F;</mo>
          <mrow>
            <mi>d</mi>
          </mrow>
        </munder>
        <mrow>
          <mi>c</mi>
        </mrow>
      </mrow>
    </mstyle>
    <mstyle displaystyle="true">
      <mrow>
        <munderover>
          <mo>&#x222B;</mo>
          <mrow>
            <mi>v</mi>
          </mrow>
          <mrow>
            <mi>d</mi>
          </mrow>
        </munderover>
        <mrow>
          <mi>a</mi>
        </mrow>
      </mrow>
    </mstyle>
  </mrow>
</math>
