<?xml version="1.0"?>
<math xmlns="http://www.w3.org/1998/Math/MathML" display="block">
  <mrow>
    <msub>
      <mrow>
        <mi>p</mi>
      </mrow>
      <mrow>
        <mi>r</mi>
      </mrow>
    </msub>
    <mo>=</mo>
    <mfrac>
      <mrow>
        <mi>m</mi>
      </mrow>
      <mrow>
        <mi>r</mi>
      </mrow>
    </mfrac>
    <mstyle displaystyle="true">
      <munderover>
        <mo>&#x2211;</mo>
        <mrow>
          <mi>i</mi>
          <mo>=</mo>
          <mn>0</mn>
        </mrow>
        <mrow>
          <mi>r</mi>
          <mo>&#x2212;</mo>
          <mn>1</mn>
        </mrow>
      </munderover>
      <mrow>
        <mfrac>
          <mrow>
            <mi>p</mi>
            <mi>i</mi>
          </mrow>
          <mrow>
            <mi>r</mi>
            <mo>&#x2212;</mo>
            <mi>i</mi>
            <mo>+</mo>
            <mn>1</mn>
          </mrow>
        </mfrac>
      </mrow>
    </mstyle>
  </mrow>
</math>
