<?xml version="1.0"?>
<math xmlns="http://www.w3.org/1998/Math/MathML" display="block">
  <mrow>
    <msup>
      <mrow>
        <mo stretchy="false">(</mo>
        <mi>a</mi>
        <mo>&#x2212;</mo>
        <mi>b</mi>
        <mo stretchy="false">)</mo>
      </mrow>
      <mrow>
        <mi>c</mi>
      </mrow>
    </msup>
    <mo>+</mo>
    <msup>
      <mrow>
        <mrow>
          <mo>(</mo>
          <mrow>
            <mi>b</mi>
            <mo>+</mo>
            <mi>c</mi>
          </mrow>
          <mo>)</mo>
        </mrow>
      </mrow>
      <mrow>
        <mn>2</mn>
      </mrow>
    </msup>
  </mrow>
</math>
