<?xml version="1.0"?>
<math xmlns="http://www.w3.org/1998/Math/MathML" display="block">
  <mrow>
    <mstyle displaystyle="true">
      <munderover>
        <mo>&#x2211;</mo>
        <mrow>
          <mi>b</mi>
          <mo>=</mo>
          <mn>4</mn>
        </mrow>
        <mrow>
          <mi>i</mi>
          <mo>=</mo>
          <mn>3</mn>
        </mrow>
      </munderover>
      <mrow>
        <mi>t</mi>
        <mstyle displaystyle="true">
          <munderover>
            <mo>&#x2229;</mo>
            <mrow>
              <mi>i</mi>
              <mo>=</mo>
              <mn>1</mn>
            </mrow>
            <mrow>
              <mi>n</mi>
            </mrow>
          </munderover>
          <mrow>
            <msub>
              <mrow>
                <mi>X</mi>
              </mrow>
              <mrow>
                <mi>i</mi>
              </mrow>
            </msub>
          </mrow>
        </mstyle>
        <mrow>
          <mo>{</mo>
          <mrow>
            <mrow>
              <mo>[</mo>
              <mrow>
                <mrow>
                  <mo>(</mo>
                  <mrow>
                    <mo>&#x00B1;</mo>
                    <mo>&#x2260;</mo>
                    <mo>&#x2264;</mo>
                    <mo>&#x2202;</mo>
                    <mo>&#x2192;</mo>
                    <mo>&#x2192;</mo>
                    <mi>&#x03B8;</mi>
                    <mi>&#x03C0;</mi>
                    <mrow>
                      <mo>&#x2329;</mo>
                      <mrow>
                        <mi>d</mi>
                      </mrow>
                      <mo>|</mo>
                      <mrow>
                        <mi>b</mi>
                      </mrow>
                      <mo>&#x232A;</mo>
                    </mrow>
                  </mrow>
                  <mo>)</mo>
                </mrow>
              </mrow>
              <mo>]</mo>
            </mrow>
          </mrow>
          <mo>}</mo>
        </mrow>
      </mrow>
    </mstyle>
    <mrow>
      <mo>(</mo>
      <mrow>
        <mtable>
          <mtr columnalign="center">
            <mtd columnalign="center">
              <msub>
                <mrow>
                  <mi>a</mi>
                </mrow>
                <mrow>
                  <mn>1</mn>
                  <mn>1</mn>
                </mrow>
              </msub>
            </mtd>
            <mtd columnalign="center">
              <mo>&#x2026;</mo>
            </mtd>
            <mtd columnalign="center">
              <msub>
                <mrow>
                  <mi>a</mi>
                </mrow>
                <mrow>
                  <mn>1</mn>
                  <mi>n</mi>
                </mrow>
              </msub>
            </mtd>
          </mtr>
          <mtr columnalign="center">
            <mtd columnalign="center">
              <mo>&#x22EE;</mo>
            </mtd>
            <mtd columnalign="center">
              <mo>&#x22F1;</mo>
            </mtd>
            <mtd columnalign="center">
              <mo>&#x22EE;</mo>
            </mtd>
          </mtr>
          <mtr columnalign="center">
            <mtd columnalign="center">
              <msub>
                <mrow>
                  <mi>a</mi>
                </mrow>
                <mrow>
                  <mi>m</mi>
                  <mn>1</mn>
                </mrow>
              </msub>
            </mtd>
            <mtd columnalign="center">
              <mo>&#x22EF;</mo>
            </mtd>
            <mtd columnalign="center">
              <msub>
                <mrow>
                  <mi>a</mi>
                </mrow>
                <mrow>
                  <mi>m</mi>
                  <mi>n</mi>
                </mrow>
              </msub>
            </mtd>
          </mtr>
        </mtable>
      </mrow>
      <mo>)</mo>
    </mrow>
    <mrow>
      <mo>(</mo>
      <mrow>
        <mtable>
          <mtr columnalign="center">
            <mtd columnalign="center">
              <msub>
                <mrow>
                  <mi>a</mi>
                </mrow>
                <mrow>
                  <mn>1</mn>
                  <mn>1</mn>
                </mrow>
              </msub>
            </mtd>
            <mtd columnalign="center">
              <msub>
                <mrow>
                  <mi>a</mi>
                </mrow>
                <mrow>
                  <mn>1</mn>
                  <mn>2</mn>
                </mrow>
              </msub>
            </mtd>
            <mtd columnalign="center">
              <msub>
                <mrow>
                  <mi>a</mi>
                </mrow>
                <mrow>
                  <mn>1</mn>
                  <mn>3</mn>
                </mrow>
              </msub>
            </mtd>
          </mtr>
          <mtr columnalign="center">
            <mtd columnalign="center">
              <msub>
                <mrow>
                  <mi>a</mi>
                </mrow>
                <mrow>
                  <mn>2</mn>
                  <mn>1</mn>
                </mrow>
              </msub>
            </mtd>
            <mtd columnalign="center">
              <msub>
                <mrow>
                  <mi>a</mi>
                </mrow>
                <mrow>
                  <mn>2</mn>
                  <mn>2</mn>
                </mrow>
              </msub>
            </mtd>
            <mtd columnalign="center">
              <msub>
                <mrow>
                  <mi>a</mi>
                </mrow>
                <mrow>
                  <mn>2</mn>
                  <mn>3</mn>
                </mrow>
              </msub>
            </mtd>
          </mtr>
          <mtr columnalign="center">
            <mtd columnalign="center">
              <msub>
                <mrow>
                  <mi>a</mi>
                </mrow>
                <mrow>
                  <mn>3</mn>
                  <mn>1</mn>
                </mrow>
              </msub>
            </mtd>
            <mtd columnalign="center">
              <msub>
                <mrow>
                  <mi>a</mi>
                </mrow>
                <mrow>
                  <mn>3</mn>
                  <mn>2</mn>
                </mrow>
              </msub>
            </mtd>
            <mtd columnalign="center">
              <msub>
                <mrow>
                  <mi>a</mi>
                </mrow>
                <mrow>
                  <mn>3</mn>
                  <mn>3</mn>
                </mrow>
              </msub>
            </mtd>
          </mtr>
        </mtable>
      </mrow>
      <mo>)</mo>
    </mrow>
    <mrow>
      <mo>(</mo>
      <mrow>
        <mtable>
          <mtr columnalign="center">
            <mtd columnalign="center">
              <msub>
                <mrow>
                  <mi>a</mi>
                </mrow>
                <mrow>
                  <mn>1</mn>
                </mrow>
              </msub>
            </mtd>
            <mtd columnalign="center">
              <mn>1</mn>
            </mtd>
            <mtd columnalign="center">
              <mn>0</mn>
            </mtd>
          </mtr>
          <mtr columnalign="center">
            <mtd columnalign="center">
              <mn>4</mn>
            </mtd>
            <mtd columnalign="center">
              <mo>&#x22F1;</mo>
            </mtd>
            <mtd columnalign="center">
              <mn>2</mn>
            </mtd>
          </mtr>
          <mtr columnalign="center">
            <mtd columnalign="center">
              <mn>0</mn>
            </mtd>
            <mtd columnalign="center">
              <mn>3</mn>
            </mtd>
            <mtd columnalign="center">
              <msub>
                <mrow>
                  <mi>a</mi>
                </mrow>
                <mrow>
                  <mi>n</mi>
                </mrow>
              </msub>
            </mtd>
          </mtr>
        </mtable>
      </mrow>
      <mo>)</mo>
    </mrow>
  </mrow>
</math>
