<?xml version="1.0"?>
<math xmlns="http://www.w3.org/1998/Math/MathML" display="block">
  <mrow>
    <mfrac>
      <mrow>
        <mo>&#x2212;</mo>
        <mi>b</mi>
        <mo>&#x00B1;</mo>
      </mrow>
      <mrow>
        <mn>2</mn>
        <mi>a</mi>
      </mrow>
    </mfrac>
  </mrow>
</math>
