<?xml version="1.0"?>
<math xmlns="http://www.w3.org/1998/Math/MathML" display="block">
  <mrow>
    <msup>
      <mrow>
        <mo stretchy="false">(</mo>
        <mi>a</mi>
        <mo>+</mo>
        <mi>b</mi>
        <mo stretchy="false">)</mo>
      </mrow>
      <mrow>
        <mi>c</mi>
      </mrow>
    </msup>
    <mo>+</mo>
    <msup>
      <mrow>
        <mo stretchy="false">[</mo>
        <mi>d</mi>
        <mo>+</mo>
        <mi>f</mi>
        <mo stretchy="false">]</mo>
      </mrow>
      <mrow>
        <mn>4</mn>
      </mrow>
    </msup>
    <mo>+</mo>
    <mmultiscripts>
      <mrow>
        <mi>c</mi>
      </mrow>
      <mprescripts/>
      <mrow>
        <mi>b</mi>
      </mrow>
      <mrow>
        <mi>a</mi>
      </mrow>
    </mmultiscripts>
    <mo>+</mo>
    <mmultiscripts>
      <mrow>
        <mi>f</mi>
      </mrow>
      <mprescripts/>
      <mrow>
        <mi>e</mi>
      </mrow>
      <mrow>
        <mi>d</mi>
      </mrow>
    </mmultiscripts>
    <mo>+</mo>
    <msup>
      <mrow>
        <mrow>
          <mo>(</mo>
          <mrow>
            <mi>g</mi>
            <mo>&#x2212;</mo>
            <mi>h</mi>
          </mrow>
          <mo>)</mo>
        </mrow>
      </mrow>
      <mrow>
        <mi>i</mi>
      </mrow>
    </msup>
    <mo>+</mo>
    <msub>
      <mrow>
        <mi>j</mi>
      </mrow>
      <mrow>
        <mi>k</mi>
      </mrow>
    </msub>
    <mo>+</mo>
    <mmultiscripts>
      <mrow>
        <mi>m</mi>
      </mrow>
      <mprescripts/>
      <mrow>
        <mi>l</mi>
      </mrow>
      <none/>
    </mmultiscripts>
    <mo>+</mo>
    <mmultiscripts>
      <mrow>
        <mi>o</mi>
      </mrow>
      <mprescripts/>
      <none/>
      <mrow>
        <mi>n</mi>
      </mrow>
    </mmultiscripts>
    <mo>+</mo>
    <msup>
      <mrow>
        <mi>p</mi>
      </mrow>
      <mrow>
        <mi>r</mi>
      </mrow>
    </msup>
  </mrow>
</math>
