<?xml version="1.0"?>
<math xmlns="http://www.w3.org/1998/Math/MathML" display="block">
  <mtable columnalign="left">
    <mtr>
      <mtd>
        <mrow>
          <mrow>
            <mo>(</mo>
            <mrow>
              <mi>a</mi>
            </mrow>
            <mo>)</mo>
          </mrow>
          <mo>+</mo>
          <mrow>
            <mo>[</mo>
            <mrow>
              <mi>b</mi>
            </mrow>
            <mo>]</mo>
          </mrow>
          <mo>+</mo>
          <mrow>
            <mo>{</mo>
            <mrow>
              <mi>c</mi>
            </mrow>
            <mo>}</mo>
          </mrow>
          <mo>+</mo>
          <mrow>
            <mo>&#x2329;</mo>
            <mrow>
              <mi>d</mi>
            </mrow>
            <mo>&#x232A;</mo>
          </mrow>
          <mo>+</mo>
          <mrow>
            <mo>|</mo>
            <mrow>
              <mi>e</mi>
            </mrow>
            <mo>|</mo>
          </mrow>
          <mo>+</mo>
          <mrow>
            <mo>&#x2016;</mo>
            <mrow>
              <mi>f</mi>
            </mrow>
            <mo>&#x2016;</mo>
          </mrow>
          <mo>+</mo>
          <mrow>
            <mo>&#x230A;</mo>
            <mrow>
              <mi>g</mi>
            </mrow>
            <mo>&#x230B;</mo>
          </mrow>
          <mo>+</mo>
        </mrow>
      </mtd>
    </mtr>
    <mtr>
      <mtd>
        <mrow>
          <mrow>
            <mo>&#x2308;</mo>
            <mrow>
              <mi>h</mi>
            </mrow>
            <mo>&#x2309;</mo>
          </mrow>
          <mo>+</mo>
          <mrow>
            <mo>[</mo>
            <mrow>
              <mi>i</mi>
            </mrow>
            <mo>)</mo>
          </mrow>
          <mo>+</mo>
          <mrow>
            <mo>(</mo>
            <mrow>
              <mi>j</mi>
            </mrow>
            <mo>]</mo>
          </mrow>
          <mo>+</mo>
          <mrow>
            <mo>|</mo>
            <mrow>
              <mi>k</mi>
            </mrow>
            <mo>&#x232A;</mo>
          </mrow>
          <mo>+</mo>
          <mrow>
            <mo>&#x2329;</mo>
            <mrow>
              <mi>l</mi>
            </mrow>
            <mo>|</mo>
          </mrow>
          <mo>+</mo>
          <mrow>
            <mo>[</mo>
            <mrow>
              <mi>m</mi>
            </mrow>
            <mo>[</mo>
          </mrow>
          <mo>+</mo>
          <mrow>
            <mo>]</mo>
            <mrow>
              <mi>n</mi>
            </mrow>
            <mo>]</mo>
          </mrow>
          <mo>+</mo>
        </mrow>
      </mtd>
    </mtr>
    <mtr>
      <mtd>
        <mrow>
          <mrow>
            <mo>]</mo>
            <mrow>
              <mi>o</mi>
            </mrow>
            <mo>[</mo>
          </mrow>
          <mo>+</mo>
          <mrow>
            <mo>&#x301A;</mo>
            <mrow>
              <mi>p</mi>
            </mrow>
            <mo>&#x301B;</mo>
          </mrow>
          <mo>+</mo>
          <mrow>
            <mo>(</mo>
            <mrow>
              <mi>r</mi>
            </mrow>
          </mrow>
          <mo>+</mo>
          <mrow>
            <mrow>
              <mi>s</mi>
            </mrow>
            <mo>)</mo>
          </mrow>
          <mo>+</mo>
          <mrow>
            <mo>[</mo>
            <mrow>
              <mi>t</mi>
            </mrow>
          </mrow>
          <mo>+</mo>
          <mrow>
            <mrow>
              <mi>u</mi>
            </mrow>
            <mo>]</mo>
          </mrow>
          <mo>+</mo>
          <mrow>
            <mo>{</mo>
            <mrow>
              <mi>v</mi>
              <mo>+</mo>
              <mrow>
                <mrow>
                  <mi>x</mi>
                </mrow>
                <mo>}</mo>
              </mrow>
            </mrow>
          </mrow>
          <mo>+</mo>
        </mrow>
      </mtd>
    </mtr>
    <mtr>
      <mtd>
        <mrow>
          <mrow>
            <mo>&#x2329;</mo>
            <mrow>
              <mi>y</mi>
            </mrow>
          </mrow>
          <mo>+</mo>
          <mrow>
            <mrow>
              <mi>z</mi>
            </mrow>
            <mo>&#x232A;</mo>
          </mrow>
          <mo>+</mo>
          <mrow>
            <mo>|</mo>
            <mrow>
              <mi>a</mi>
            </mrow>
          </mrow>
          <mo>+</mo>
          <mrow>
            <mrow>
              <mi>b</mi>
            </mrow>
            <mo>|</mo>
          </mrow>
          <mo>+</mo>
          <mrow>
            <mo>&#x2016;</mo>
            <mrow>
              <mi>a</mi>
            </mrow>
          </mrow>
          <mo>+</mo>
          <mrow>
            <mrow>
              <mi>b</mi>
            </mrow>
            <mo>&#x2016;</mo>
          </mrow>
          <mo>+</mo>
          <mrow>
            <mo>&#x301A;</mo>
            <mrow>
              <mi>a</mi>
            </mrow>
          </mrow>
          <mo>+</mo>
          <mrow>
            <mrow>
              <mi>b</mi>
            </mrow>
            <mo>&#x301B;</mo>
          </mrow>
          <mo>+</mo>
          <mrow>
            <mo>&#x2329;</mo>
            <mrow>
              <mi>a</mi>
            </mrow>
            <mo>|</mo>
            <mrow>
              <mi>b</mi>
            </mrow>
            <mo>&#x232A;</mo>
          </mrow>
          <mo>+</mo>
        </mrow>
      </mtd>
    </mtr>
    <mtr>
      <mtd>
        <mrow>
          <mover>
            <mover>
              <mrow>
                <mi>a</mi>
              </mrow>
              <mo stretchy="true">&#xFE37;</mo>
            </mover>
            <mrow>
              <mi>b</mi>
            </mrow>
          </mover>
          <mo>+</mo>
          <munder>
            <munder>
              <mrow>
                <mi>b</mi>
              </mrow>
              <mo stretchy="true">&#xFE38;</mo>
            </munder>
            <mrow>
              <mi>c</mi>
            </mrow>
          </munder>
          <mo>+</mo>
          <mover>
            <mover>
              <mrow>
                <mi>a</mi>
              </mrow>
              <mo stretchy="true">&#x23B4;</mo>
            </mover>
            <mrow>
              <mi>b</mi>
            </mrow>
          </mover>
          <mo>+</mo>
          <munder>
            <munder>
              <mrow>
                <mi>a</mi>
              </mrow>
              <mo stretchy="true">&#x23B5;</mo>
            </munder>
            <mrow>
              <mi>b</mi>
            </mrow>
          </munder>
        </mrow>
      </mtd>
    </mtr>
  </mtable>
</math>
