<?xml version="1.0"?>
<math xmlns="http://www.w3.org/1998/Math/MathML" display="block">
  <mtable columnalign="left">
    <mtr>
      <mtd>
        <mrow>
          <mstyle displaystyle="true">
            <mrow>
              <mo>&#x222B;</mo>
              <mrow>
                <mi>a</mi>
                <mo>+</mo>
                <mstyle displaystyle="true">
                  <mrow>
                    <munderover>
                      <mo>&#x222B;</mo>
                      <mrow>
                        <mi>c</mi>
                      </mrow>
                      <mrow>
                        <mi>a</mi>
                      </mrow>
                    </munderover>
                    <mrow>
                      <mi>b</mi>
                      <mo>+</mo>
                    </mrow>
                  </mrow>
                </mstyle>
              </mrow>
            </mrow>
          </mstyle>
          <mstyle displaystyle="true">
            <mrow>
              <msubsup>
                <mo>&#x222B;</mo>
                <mrow>
                  <mi>c</mi>
                </mrow>
                <mrow>
                  <mi>a</mi>
                </mrow>
              </msubsup>
              <mrow>
                <mi>b</mi>
                <mo>+</mo>
              </mrow>
            </mrow>
          </mstyle>
          <mstyle displaystyle="true">
            <mrow>
              <mo>&#x222B;</mo>
              <mrow>
                <mi>a</mi>
                <mo>+</mo>
                <mstyle displaystyle="true">
                  <mrow>
                    <munder>
                      <mo>&#x222B;</mo>
                      <mrow>
                        <mi>b</mi>
                      </mrow>
                    </munder>
                    <mrow>
                      <mi>a</mi>
                    </mrow>
                  </mrow>
                </mstyle>
              </mrow>
            </mrow>
          </mstyle>
        </mrow>
      </mtd>
    </mtr>
    <mtr>
      <mtd>
        <mrow>
          <mstyle displaystyle="true">
            <mrow>
              <mo>&#x222C;</mo>
              <mrow>
                <mi>a</mi>
                <mo>+</mo>
                <mstyle displaystyle="true">
                  <mrow>
                    <munder>
                      <mo>&#x222C;</mo>
                      <mrow>
                        <mi>b</mi>
                      </mrow>
                    </munder>
                    <mrow>
                      <mi>a</mi>
                      <mo>+</mo>
                    </mrow>
                  </mrow>
                </mstyle>
              </mrow>
            </mrow>
          </mstyle>
          <mstyle displaystyle="true">
            <mrow>
              <msub>
                <mo>&#x222C;</mo>
                <mrow>
                  <mi>b</mi>
                </mrow>
              </msub>
              <mrow>
                <mi>a</mi>
              </mrow>
            </mrow>
          </mstyle>
        </mrow>
      </mtd>
    </mtr>
    <mtr>
      <mtd>
        <mrow>
          <mstyle displaystyle="true">
            <mrow>
              <mo>&#x222D;</mo>
              <mrow>
                <mi>a</mi>
                <mo>+</mo>
                <mstyle displaystyle="true">
                  <mrow>
                    <munder>
                      <mo>&#x222D;</mo>
                      <mrow>
                        <mi>b</mi>
                      </mrow>
                    </munder>
                    <mrow>
                      <mi>a</mi>
                      <mo>+</mo>
                    </mrow>
                  </mrow>
                </mstyle>
              </mrow>
            </mrow>
          </mstyle>
          <mstyle displaystyle="true">
            <mrow>
              <msub>
                <mo>&#x222D;</mo>
                <mrow>
                  <mi>b</mi>
                </mrow>
              </msub>
              <mrow>
                <mi>a</mi>
              </mrow>
            </mrow>
          </mstyle>
        </mrow>
      </mtd>
    </mtr>
    <mtr>
      <mtd>
        <mrow>
          <mstyle displaystyle="true">
            <mrow>
              <mo>&#x222E;</mo>
              <mrow>
                <mi>a</mi>
                <mo>+</mo>
              </mrow>
            </mrow>
          </mstyle>
          <mstyle displaystyle="true">
            <mrow>
              <munder>
                <mo>&#x222E;</mo>
                <mrow>
                  <mi>b</mi>
                </mrow>
              </munder>
              <mrow>
                <mi>a</mi>
                <mo>+</mo>
              </mrow>
            </mrow>
          </mstyle>
          <mstyle displaystyle="true">
            <mrow>
              <msub>
                <mo>&#x222E;</mo>
                <mrow>
                  <mi>b</mi>
                </mrow>
              </msub>
              <mrow>
                <mi>a</mi>
              </mrow>
            </mrow>
          </mstyle>
        </mrow>
      </mtd>
    </mtr>
    <mtr>
      <mtd>
        <mrow>
          <mstyle displaystyle="true">
            <mrow>
              <mo>&#x222F;</mo>
              <mrow>
                <mi>a</mi>
                <mo>+</mo>
                <mstyle displaystyle="true">
                  <mrow>
                    <munder>
                      <mo>&#x222F;</mo>
                      <mrow>
                        <mi>b</mi>
                      </mrow>
                    </munder>
                    <mrow>
                      <mi>a</mi>
                    </mrow>
                  </mrow>
                </mstyle>
              </mrow>
            </mrow>
          </mstyle>
          <mo>+</mo>
          <mstyle displaystyle="true">
            <mrow>
              <msub>
                <mo>&#x222F;</mo>
                <mrow>
                  <mi>b</mi>
                </mrow>
              </msub>
              <mrow>
                <mi>a</mi>
              </mrow>
            </mrow>
          </mstyle>
        </mrow>
      </mtd>
    </mtr>
    <mtr>
      <mtd>
        <mrow>
          <mstyle displaystyle="true">
            <mrow>
              <mo>&#x2230;</mo>
              <mrow>
                <mi>a</mi>
                <mo>+</mo>
                <mstyle displaystyle="true">
                  <mrow>
                    <munder>
                      <mo>&#x2230;</mo>
                      <mrow>
                        <mi>b</mi>
                      </mrow>
                    </munder>
                    <mrow>
                      <mi>a</mi>
                    </mrow>
                  </mrow>
                </mstyle>
              </mrow>
            </mrow>
          </mstyle>
          <mo>+</mo>
          <mstyle displaystyle="true">
            <mrow>
              <msub>
                <mo>&#x2230;</mo>
                <mrow>
                  <mi>b</mi>
                </mrow>
              </msub>
              <mrow>
                <mi>a</mi>
              </mrow>
            </mrow>
          </mstyle>
        </mrow>
      </mtd>
    </mtr>
    <mtr>
      <mtd>
        <mrow>
          <mstyle displaystyle="true">
            <mrow>
              <mo>&#x2233;</mo>
              <mrow>
                <mi>a</mi>
                <mo>+</mo>
                <mstyle displaystyle="true">
                  <mrow>
                    <munder>
                      <mo>&#x2233;</mo>
                      <mrow>
                        <mi>b</mi>
                      </mrow>
                    </munder>
                    <mrow>
                      <mi>a</mi>
                      <mo>+</mo>
                      <mstyle displaystyle="true">
                        <mrow>
                          <msub>
                            <mo>&#x2233;</mo>
                            <mrow>
                              <mi>b</mi>
                            </mrow>
                          </msub>
                          <mrow>
                            <mi>a</mi>
                          </mrow>
                        </mrow>
                      </mstyle>
                    </mrow>
                  </mrow>
                </mstyle>
              </mrow>
            </mrow>
          </mstyle>
          <mo>+</mo>
          <mstyle displaystyle="true">
            <mrow>
              <mo>&#x2232;</mo>
              <mrow>
                <mi>a</mi>
              </mrow>
            </mrow>
          </mstyle>
        </mrow>
      </mtd>
    </mtr>
    <mtr>
      <mtd>
        <mrow>
          <mstyle displaystyle="true">
            <mrow>
              <munder>
                <mo>&#x2232;</mo>
                <mrow>
                  <mi>b</mi>
                </mrow>
              </munder>
              <mrow>
                <mi>a</mi>
              </mrow>
            </mrow>
          </mstyle>
          <mo>+</mo>
          <mstyle displaystyle="true">
            <mrow>
              <msub>
                <mo>&#x2232;</mo>
                <mrow>
                  <mi>b</mi>
                </mrow>
              </msub>
              <mrow>
                <mi>a</mi>
              </mrow>
            </mrow>
          </mstyle>
        </mrow>
      </mtd>
    </mtr>
  </mtable>
</math>
