<?xml version="1.0"?>
<math xmlns="http://www.w3.org/1998/Math/MathML">
  <mrow>
    <mtable>
      <mtr columnalign="center">
        <mtd columnalign="center">
          <mtable columnalign="left">
            <mtr>
              <mtd>
                <mrow>
                  <mi>d</mi>
                </mrow>
              </mtd>
            </mtr>
            <mtr>
              <mtd>
                <mrow>
                  <mi>g</mi>
                </mrow>
              </mtd>
            </mtr>
            <mtr>
              <mtd>
                <mrow>
                  <mi>b</mi>
                </mrow>
              </mtd>
            </mtr>
            <mtr>
              <mtd>
                <mrow>
                  <mi>a</mi>
                </mrow>
              </mtd>
            </mtr>
            <mtr>
              <mtd>
                <mrow>
                  <mi>b</mi>
                </mrow>
              </mtd>
            </mtr>
            <mtr>
              <mtd>
                <mrow>
                  <mi>c</mi>
                </mrow>
              </mtd>
            </mtr>
          </mtable>
        </mtd>
        <mtd columnalign="center">
          <mtable columnalign="left">
            <mtr>
              <mtd>
                <mrow>
                  <mi>d</mi>
                </mrow>
              </mtd>
            </mtr>
            <mtr>
              <mtd>
                <mrow>
                  <mi>b</mi>
                </mrow>
              </mtd>
            </mtr>
            <mtr>
              <mtd>
                <mrow>
                  <mi>d</mi>
                </mrow>
              </mtd>
            </mtr>
            <mtr>
              <mtd>
                <mrow>
                  <mi>a</mi>
                </mrow>
              </mtd>
            </mtr>
            <mtr>
              <mtd>
                <mrow>
                  <mi>b</mi>
                </mrow>
              </mtd>
            </mtr>
            <mtr>
              <mtd>
                <mrow>
                  <mi>c</mi>
                </mrow>
              </mtd>
            </mtr>
          </mtable>
        </mtd>
        <mtd columnalign="center">
          <mtable columnalign="left">
            <mtr>
              <mtd>
                <mrow>
                  <mi>c</mi>
                </mrow>
              </mtd>
            </mtr>
            <mtr>
              <mtd>
                <mrow>
                  <mi>b</mi>
                </mrow>
              </mtd>
            </mtr>
            <mtr>
              <mtd>
                <mrow>
                  <mi>d</mi>
                </mrow>
              </mtd>
            </mtr>
            <mtr>
              <mtd>
                <mrow>
                  <mi>d</mi>
                </mrow>
              </mtd>
            </mtr>
            <mtr>
              <mtd>
                <mrow>
                  <mi>b</mi>
                </mrow>
              </mtd>
            </mtr>
            <mtr>
              <mtd>
                <mrow>
                  <mi>e</mi>
                </mrow>
              </mtd>
            </mtr>
          </mtable>
        </mtd>
      </mtr>
      <mtr columnalign="center">
        <mtd columnalign="center">
          <mtable columnalign="left">
            <mtr>
              <mtd>
                <mrow>
                  <mi>a</mi>
                </mrow>
              </mtd>
            </mtr>
            <mtr>
              <mtd>
                <mrow>
                  <mi>b</mi>
                </mrow>
              </mtd>
            </mtr>
          </mtable>
        </mtd>
        <mtd columnalign="center">
          <mtable columnalign="left">
            <mtr>
              <mtd>
                <mrow>
                  <mi>c</mi>
                </mrow>
              </mtd>
            </mtr>
            <mtr>
              <mtd>
                <mrow>
                  <mi>d</mi>
                </mrow>
              </mtd>
            </mtr>
          </mtable>
        </mtd>
        <mtd columnalign="center">
          <mtable columnalign="left">
            <mtr>
              <mtd>
                <mrow>
                  <mi>e</mi>
                </mrow>
              </mtd>
            </mtr>
            <mtr>
              <mtd>
                <mrow>
                  <mi>f</mi>
                </mrow>
              </mtd>
            </mtr>
          </mtable>
        </mtd>
      </mtr>
      <mtr columnalign="center">
        <mtd columnalign="center">
          <mi>x</mi>
        </mtd>
        <mtd columnalign="center">
          <mi>y</mi>
        </mtd>
        <mtd columnalign="center">
          <mi>z</mi>
        </mtd>
      </mtr>
    </mtable>
    <mo>+</mo>
    <mtable>
      <mtr columnalign="center">
        <mtd columnalign="center">
          <mi>a</mi>
          <mo>+</mo>
          <mi>b</mi>
        </mtd>
        <mtd columnalign="center">
          <mi>d</mi>
        </mtd>
        <mtd columnalign="center">
          <mn>3</mn>
          <mi>e</mi>
        </mtd>
      </mtr>
      <mtr columnalign="center">
        <mtd columnalign="center">
          <mi>v</mi>
          <mo>&#x2212;</mo>
          <mn>2</mn>
        </mtd>
        <mtd columnalign="center">
          <mi>r</mi>
          <mo>+</mo>
          <mi>l</mi>
        </mtd>
        <mtd columnalign="center">
          <mi>d</mi>
          <mi>b</mi>
          <mo>+</mo>
          <mn>3</mn>
        </mtd>
      </mtr>
      <mtr columnalign="center">
        <mtd columnalign="center">
          <mi>x</mi>
        </mtd>
        <mtd columnalign="center">
          <mi>x</mi>
        </mtd>
        <mtd columnalign="center">
          <mi>s</mi>
        </mtd>
      </mtr>
    </mtable>
    <mo>+</mo>
    <mtable columnalign="right">
      <mtr columnalign="right">
        <mtd columnalign="right">
          <mi>a</mi>
          <mo>+</mo>
          <mi>b</mi>
        </mtd>
        <mtd columnalign="right">
          <mi>c</mi>
          <mo>+</mo>
          <mi>d</mi>
        </mtd>
        <mtd columnalign="right">
          <mi>w</mi>
        </mtd>
      </mtr>
      <mtr columnalign="right">
        <mtd columnalign="right">
          <mi>c</mi>
          <mo>+</mo>
          <mn>2</mn>
        </mtd>
        <mtd columnalign="right">
          <mi>e</mi>
        </mtd>
        <mtd columnalign="right">
          <mi>e</mi>
          <mo>+</mo>
          <mn>3</mn>
        </mtd>
      </mtr>
      <mtr columnalign="right">
        <mtd columnalign="right">
          <mi>e</mi>
        </mtd>
        <mtd columnalign="right">
          <mi>w</mi>
        </mtd>
        <mtd columnalign="right">
          <mi>x</mi>
        </mtd>
      </mtr>
    </mtable>
  </mrow>
</math>
