<?xml version="1.0"?>
<math xmlns="http://www.w3.org/1998/Math/MathML" display="block">
  <mrow>
    <mstyle displaystyle="true">
      <munderover>
        <mo>&#x2211;</mo>
        <mrow/>
        <mrow/>
      </munderover>
      <mrow>
        <mi>a</mi>
        <mo>+</mo>
        <mstyle displaystyle="true">
          <munderover>
            <mo>&#x2211;</mo>
            <mrow>
              <mi>b</mi>
            </mrow>
            <mrow/>
          </munderover>
          <mrow>
            <mi>a</mi>
          </mrow>
        </mstyle>
      </mrow>
    </mstyle>
    <mo>+</mo>
    <mstyle displaystyle="true">
      <munderover>
        <mo>&#x2211;</mo>
        <mrow>
          <mi>c</mi>
        </mrow>
        <mrow>
          <mi>a</mi>
        </mrow>
      </munderover>
      <mrow>
        <mi>b</mi>
      </mrow>
    </mstyle>
    <mo>+</mo>
    <mstyle displaystyle="true">
      <msubsup>
        <mo>&#x2211;</mo>
        <mrow>
          <mi>b</mi>
        </mrow>
        <mrow/>
      </msubsup>
      <mrow>
        <mi>a</mi>
      </mrow>
    </mstyle>
    <mo>+</mo>
    <mstyle displaystyle="true">
      <msubsup>
        <mo>&#x2211;</mo>
        <mrow>
          <mi>c</mi>
        </mrow>
        <mrow>
          <mi>a</mi>
        </mrow>
      </msubsup>
      <mrow>
        <mi>b</mi>
      </mrow>
    </mstyle>
  </mrow>
</math>
