<?xml version="1.0"?>
<math xmlns="http://www.w3.org/1998/Math/MathML" display="block">
  <mtable columnalign="left">
    <mtr>
      <mtd>
        <mrow>
          <mstyle displaystyle="true">
            <msubsup>
              <mo>&#x220F;</mo>
              <mrow/>
              <mrow/>
            </msubsup>
            <mrow>
              <mi>a</mi>
            </mrow>
          </mstyle>
          <mo>&#x2212;</mo>
          <mstyle displaystyle="true">
            <munder>
              <mo>&#x220F;</mo>
              <mrow>
                <mi>b</mi>
              </mrow>
            </munder>
            <mrow>
              <mi>a</mi>
            </mrow>
          </mstyle>
          <mo>&#x2212;</mo>
          <mstyle displaystyle="true">
            <munderover>
              <mo>&#x220F;</mo>
              <mrow>
                <mi>c</mi>
              </mrow>
              <mrow>
                <mi>a</mi>
              </mrow>
            </munderover>
            <mrow>
              <mi>b</mi>
            </mrow>
          </mstyle>
          <mo>&#x2212;</mo>
          <mstyle displaystyle="true">
            <msubsup>
              <mo>&#x220F;</mo>
              <mrow>
                <mi>b</mi>
              </mrow>
              <mrow/>
            </msubsup>
            <mrow>
              <mi>a</mi>
            </mrow>
          </mstyle>
          <mo>&#x2212;</mo>
          <mstyle displaystyle="true">
            <msubsup>
              <mo>&#x220F;</mo>
              <mrow>
                <mi>c</mi>
              </mrow>
              <mrow>
                <mi>a</mi>
              </mrow>
            </msubsup>
            <mrow>
              <mi>b</mi>
            </mrow>
          </mstyle>
        </mrow>
      </mtd>
    </mtr>
    <mtr>
      <mtd>
        <mrow>
          <mstyle displaystyle="true">
            <mo>&#x2210;</mo>
            <mrow>
              <mi>a</mi>
            </mrow>
          </mstyle>
          <mo>&#x2212;</mo>
          <mstyle displaystyle="true">
            <munder>
              <mo>&#x2210;</mo>
              <mrow>
                <mi>b</mi>
              </mrow>
            </munder>
            <mrow>
              <mi>a</mi>
            </mrow>
          </mstyle>
          <mo>&#x2212;</mo>
          <mstyle displaystyle="true">
            <munderover>
              <mo>&#x2210;</mo>
              <mrow>
                <mi>c</mi>
              </mrow>
              <mrow>
                <mi>a</mi>
              </mrow>
            </munderover>
            <mrow>
              <mi>b</mi>
            </mrow>
          </mstyle>
          <mo>&#x2212;</mo>
          <mstyle displaystyle="true">
            <msub>
              <mo>&#x2210;</mo>
              <mrow>
                <mi>b</mi>
              </mrow>
            </msub>
            <mrow>
              <mi>a</mi>
            </mrow>
          </mstyle>
          <mo>&#x2212;</mo>
          <mstyle displaystyle="true">
            <msubsup>
              <mo>&#x2210;</mo>
              <mrow>
                <mi>c</mi>
              </mrow>
              <mrow>
                <mi>a</mi>
              </mrow>
            </msubsup>
            <mrow>
              <mi>b</mi>
            </mrow>
          </mstyle>
        </mrow>
      </mtd>
    </mtr>
    <mtr>
      <mtd>
        <mrow>
          <mstyle displaystyle="true">
            <msubsup>
              <mo>&#x2229;</mo>
              <mrow/>
              <mrow/>
            </msubsup>
            <mrow>
              <mi>a</mi>
            </mrow>
          </mstyle>
          <mo>&#x2212;</mo>
          <mstyle displaystyle="true">
            <munderover>
              <mo>&#x2229;</mo>
              <mrow>
                <mi>b</mi>
              </mrow>
              <mrow/>
            </munderover>
            <mrow>
              <mi>a</mi>
            </mrow>
          </mstyle>
          <mo>&#x2212;</mo>
          <mstyle displaystyle="true">
            <munderover>
              <mo>&#x2229;</mo>
              <mrow>
                <mi>c</mi>
              </mrow>
              <mrow>
                <mi>a</mi>
              </mrow>
            </munderover>
            <mrow>
              <mi>b</mi>
            </mrow>
          </mstyle>
          <mo>&#x2212;</mo>
          <mstyle displaystyle="true">
            <msubsup>
              <mo>&#x2229;</mo>
              <mrow>
                <mi>b</mi>
              </mrow>
              <mrow/>
            </msubsup>
            <mrow>
              <mi>a</mi>
            </mrow>
          </mstyle>
          <mo>&#x2212;</mo>
          <mstyle displaystyle="true">
            <msubsup>
              <mo>&#x2229;</mo>
              <mrow>
                <mi>c</mi>
              </mrow>
              <mrow>
                <mi>a</mi>
              </mrow>
            </msubsup>
            <mrow>
              <mi>b</mi>
            </mrow>
          </mstyle>
        </mrow>
      </mtd>
    </mtr>
    <mtr>
      <mtd>
        <mrow>
          <mstyle displaystyle="true">
            <msubsup>
              <mo>&#x222A;</mo>
              <mrow/>
              <mrow/>
            </msubsup>
            <mrow>
              <mi>a</mi>
            </mrow>
          </mstyle>
          <mo>&#x2212;</mo>
          <mstyle displaystyle="true">
            <munderover>
              <mo>&#x222A;</mo>
              <mrow>
                <mi>b</mi>
              </mrow>
              <mrow/>
            </munderover>
            <mrow>
              <mi>a</mi>
            </mrow>
          </mstyle>
          <mo>&#x2212;</mo>
          <mstyle displaystyle="true">
            <munderover>
              <mo>&#x222A;</mo>
              <mrow>
                <mi>c</mi>
              </mrow>
              <mrow>
                <mi>a</mi>
              </mrow>
            </munderover>
            <mrow>
              <mi>b</mi>
            </mrow>
          </mstyle>
          <mo>&#x2212;</mo>
          <mstyle displaystyle="true">
            <msubsup>
              <mo>&#x222A;</mo>
              <mrow>
                <mi>b</mi>
              </mrow>
              <mrow/>
            </msubsup>
            <mrow>
              <mi>a</mi>
            </mrow>
          </mstyle>
          <mo>&#x2212;</mo>
          <mstyle displaystyle="true">
            <msubsup>
              <mo>&#x222A;</mo>
              <mrow>
                <mi>c</mi>
              </mrow>
              <mrow>
                <mi>a</mi>
              </mrow>
            </msubsup>
            <mrow>
              <mi>b</mi>
            </mrow>
          </mstyle>
        </mrow>
      </mtd>
    </mtr>
  </mtable>
</math>
